ereroreo
ereroreorere

ereroreorereerere

rere